test_complete_nonempty_inventory (test_assets.AssetTests) ... ok
test_duplicate_id_rejected (test_assets.AssetTests) ... ok
test_missing_empty_and_outside_files (test_assets.AssetTests) ... ok
test_missing_inventory (test_assets.AssetTests) ... ok
test_backed_current_evidence (test_qualification.QualificationTests) ... ok
test_missing_stale_failed_or_unbacked_evidence (test_qualification.QualificationTests) ... test_failure_preserved_even_with_success_text (test_runner.RunnerTests) ... ok
test_success_command_preserved (test_runner.RunnerTests) ... ok
test_accepts_executed_suite (test_runner.SwiftResultTests) ... ok
test_rejects_failed_test (test_runner.SwiftResultTests) ... ok
test_rejects_no_discovery (test_runner.SwiftResultTests) ... ok
test_rejects_skipped_test (test_runner.SwiftResultTests) ... ok
test_rejects_zero_tests (test_runner.SwiftResultTests) ... ok
test_incomplete_or_bad_summary_rejected (test_xcode_results.ResultTests) ... ok
test_success (test_xcode_results.ResultTests) ... ok

======================================================================
FAIL: test_missing_stale_failed_or_unbacked_evidence (test_qualification.QualificationTests) (rows=[])
----------------------------------------------------------------------
Traceback (most recent call last):
  File "/Users/mehadehasan/DEV/IOS/CubeGuide/cubeguide/Tests/Infrastructure/test_qualification.py", line 16, in test_missing_stale_failed_or_unbacked_evidence
    self.assertTrue(qualification.validate(rows,{'R01'},'current',root))
AssertionError: [] is not true

======================================================================
FAIL: test_missing_stale_failed_or_unbacked_evidence (test_qualification.QualificationTests) (rows=[{'requirementID': 'R01', 'commit': 'current', 'result': 'passed', 'evidencePaths': ['proof.txt']}])
----------------------------------------------------------------------
Traceback (most recent call last):
  File "/Users/mehadehasan/DEV/IOS/CubeGuide/cubeguide/Tests/Infrastructure/test_qualification.py", line 16, in test_missing_stale_failed_or_unbacked_evidence
    self.assertTrue(qualification.validate(rows,{'R01'},'current',root))
AssertionError: [] is not true

======================================================================
FAIL: test_missing_stale_failed_or_unbacked_evidence (test_qualification.QualificationTests) (rows=[{'requirementID': 'R01', 'commit': 'old', 'result': 'passed', 'evidencePaths': ['proof.txt']}])
----------------------------------------------------------------------
Traceback (most recent call last):
  File "/Users/mehadehasan/DEV/IOS/CubeGuide/cubeguide/Tests/Infrastructure/test_qualification.py", line 16, in test_missing_stale_failed_or_unbacked_evidence
    self.assertTrue(qualification.validate(rows,{'R01'},'current',root))
AssertionError: [] is not true

======================================================================
FAIL: test_missing_stale_failed_or_unbacked_evidence (test_qualification.QualificationTests) (rows=[{'requirementID': 'R01', 'commit': 'current', 'result': 'notRun', 'evidencePaths': ['proof.txt']}])
----------------------------------------------------------------------
Traceback (most recent call last):
  File "/Users/mehadehasan/DEV/IOS/CubeGuide/cubeguide/Tests/Infrastructure/test_qualification.py", line 16, in test_missing_stale_failed_or_unbacked_evidence
    self.assertTrue(qualification.validate(rows,{'R01'},'current',root))
AssertionError: [] is not true

======================================================================
FAIL: test_missing_stale_failed_or_unbacked_evidence (test_qualification.QualificationTests) (rows=[{'requirementID': 'R01', 'commit': 'current', 'result': 'passed', 'evidencePaths': ['proof.txt']}, {'requirementID': 'R01', 'commit': 'current', 'result': 'passed', 'evidencePaths': ['proof.txt']}])
----------------------------------------------------------------------
Traceback (most recent call last):
  File "/Users/mehadehasan/DEV/IOS/CubeGuide/cubeguide/Tests/Infrastructure/test_qualification.py", line 16, in test_missing_stale_failed_or_unbacked_evidence
    self.assertTrue(qualification.validate(rows,{'R01'},'current',root))
AssertionError: [] is not true

----------------------------------------------------------------------
Ran 15 tests in 0.297s

FAILED (failures=5)
